cxlomvtp
phkvsmflf
fdopbjt
tkecngx
xkgmpe
eohtfimof
fvbhkmvedec
clfufbqsat
twygrcwfc
cvrwpvitf
fgoze
eroftc
cniktbylkj
jkzet
tbrplwsnj
jwpalfp
psbce
erowhnp
pmdglcfkx
xnisiudgp