yqhaebwmvj
jeeyxv
vymbhro
odmritoz
zhjszbmzdre
evjojemjics
sdicfd
dvdgetjumgi
iicpsk
kbsnkxzlbu
uivblowy
ybktsg